// Vitest Snapshot v1, https://vitest.dev/guide/snapshot.html

exports[`renders correctly 1`] = `
{
  "description": "Ammenager une piste cyclable",
  "uuid": Any<String>,
}
`;
